
> dynasty@0.0.0 e2e
> playwright test e2e/smoke.spec.ts e2e/animals.spec.ts e2e/group-colors.spec.ts e2e/dig-animation.spec.ts e2e/chop-animation.spec.ts e2e/craft-animation.spec.ts e2e/tool-equipment.spec.ts


Running 74 tests using 1 worker

(node:16204) Warning: The 'NO_COLOR' env is ignored due to the 'FORCE_COLOR' env being set.
(Use `node --trace-warnings ...` to show where the warning was created)
  ok  1 e2e\animals.spec.ts:4:1 › animal events draw four distinct shared frames and freeze while paused (5.8s)
  ok  2 e2e\animals.spec.ts:82:1 › 300 animated animal draws use one atlas and do not create per-animal composite canvases (1.3s)
  ok  3 e2e\chop-animation.spec.ts:4:1 › a real felling order swings four axe poses, freezes and releases the gesture (2.5s)
  ok  4 e2e\craft-animation.spec.ts:4:1 › a real craft order manipulates its work, hides a packed spear and freezes its bank (2.6s)
  ok  5 e2e\dig-animation.spec.ts:5:1 › digging draws four clocked tool strokes only for a worker at the ground (2.7s)
  ok  6 e2e\group-colors.spec.ts:3:1 › a globally allocated low-ID outcast still draws in neutral grey (1.5s)
  ok  7 e2e\smoke.spec.ts:52:1 › population profiler runs 300 real founders through the production loop (2.1s)
  ok  8 e2e\smoke.spec.ts:253:1 › the verdict overlay skips expired cases and closes when the chief loses office (1.5s)
  ok  9 e2e\smoke.spec.ts:296:1 › boots, paints and advances the clock (1.9s)
  ok 10 e2e\smoke.spec.ts:326:1 › the observer map hides unvisited ground and prevents selecting its entities (2.9s)
  ok 11 e2e\smoke.spec.ts:392:1 › explored terrain keeps the same shade as the map memory updates (1.6s)
  ok 12 e2e\smoke.spec.ts:436:1 › a remembered place reports when it was last seen (2.3s)
  ok 13 e2e\smoke.spec.ts:471:1 › the panel shows who someone is and what they want (1.4s)
  ok 14 e2e\smoke.spec.ts:487:1 › the character tabs each render (2.2s)
  ok 15 e2e\smoke.spec.ts:510:1 › a job can be assigned from the Work tab and changes what it says (2.1s)
  ok 16 e2e\smoke.spec.ts:547:1 › right-click opens a radial menu whose options fit the target (1.7s)
  ok 17 e2e\smoke.spec.ts:572:1 › an order from the menu changes what the player is doing (1.6s)
  ok 18 e2e\smoke.spec.ts:589:1 › build mode offers designs and marks locked ones (1.4s)
  ok 19 e2e\smoke.spec.ts:613:1 › pauses and resumes (3.3s)
  ok 20 e2e\smoke.spec.ts:631:1 › walking with the keyboard moves the player (1.5s)
  ok 21 e2e\smoke.spec.ts:644:1 › dragging pans the map instead of selecting (1.7s)
  ok 22 e2e\smoke.spec.ts:678:1 › the browser context menu is suppressed (1.2s)
  ok 23 e2e\smoke.spec.ts:688:1 › a stranger gives up nothing but what you can see (2.2s)
  ok 24 e2e\smoke.spec.ts:729:1 › a berry bush reads as an estimate until you are close (1.6s)
  ok 25 e2e\smoke.spec.ts:773:1 › death hands the game to an heir instead of ending it (2.1s)
  ok 26 e2e\smoke.spec.ts:829:1 › the family panel names spouse, parents and children (1.7s)
  ok 27 e2e\smoke.spec.ts:845:1 › the era is named in the top bar (1.3s)
  ok 28 e2e\smoke.spec.ts:855:1 › standing over someone is shown, and command mode can be entered (2.2s)
  ok 29 e2e\smoke.spec.ts:887:1 › knowledge is listed on the person who holds it (1.6s)
  ok 30 e2e\smoke.spec.ts:907:1 › an idea in progress is shown, with the story that started it (1.8s)
  ok 31 e2e\smoke.spec.ts:938:1 › somebody with no ideas can still sit and think (1.6s)
  ok 32 e2e\smoke.spec.ts:963:1 › the tech web opens on G and answers why an idea has not arrived (2.0s)
  ok 33 e2e\smoke.spec.ts:1016:1 › the tech web keeps a stranger to themselves (1.9s)
  ok 34 e2e\smoke.spec.ts:1051:1 › the tech web can be dragged and zoomed (2.5s)
  ok 35 e2e\smoke.spec.ts:1089:1 › the family tree opens on K and reads top to bottom (1.5s)
  ok 36 e2e\smoke.spec.ts:1105:1 › the tribe graph hides other bands until asked, and says how many it hid (1.8s)
  ok 37 e2e\smoke.spec.ts:1154:1 › the family tree colours a line by what its two ends think of each other (1.4s)
  ok 38 e2e\smoke.spec.ts:1167:1 › the tribe graph opens on T and is empty rather than broken for a friendless founder (1.6s)
  ok 39 e2e\smoke.spec.ts:1182:1 › the tribe graph draws in ranks once the band divides its labour (1.8s)
  ok 40 e2e\smoke.spec.ts:1235:1 › the family tree and tribe graph are gated the same as the tech web (2.3s)
  ok 41 e2e\smoke.spec.ts:1261:1 › the three graphs are mutually exclusive (2.0s)
  ok 42 e2e\smoke.spec.ts:1281:1 › teaching appears in the menu only when you have something to teach (2.5s)
  ok 43 e2e\smoke.spec.ts:1355:1 › crowded radial options stay clickable on desktop and phone, including submenus (2.7s)
  ok 44 e2e\smoke.spec.ts:1393:1 › the talk menu nests, and offers a stranger only a greeting (2.6s)
  ok 45 e2e\smoke.spec.ts:1473:1 › the kit tab lists what you carry and offers verbs on it (1.9s)
  ok 46 e2e\smoke.spec.ts:1501:1 › trimmed people preserve the pre-optimisation pixels in every body, pose and facing (971ms)
  ok 47 e2e\smoke.spec.ts:1526:1 › 500 gathering appearances retain all four poses within the pixel budget without warm recompositions (10.7s)
  ok 48 e2e\smoke.spec.ts:1557:1 › a gathering NPC cycles visible poses, freezes while paused and releases the gesture on interruption (3.5s)
  ok 49 e2e\smoke.spec.ts:1643:1 › digging tools appear in the craft bar and carried kit (2.6s)
  ok 50 e2e\smoke.spec.ts:1681:1 › dropping puts goods on the ground where they can be picked up (2.2s)
  ok 51 e2e\smoke.spec.ts:1720:1 › right-clicking water sends you to the bank instead of refusing (3.0s)
  ok 52 e2e\smoke.spec.ts:1771:1 › character creation picks a life inside a world that already exists (3.6s)
  ok 53 e2e\smoke.spec.ts:1832:1 › the dead are folded away under the living, and the fold stays open (2.8s)
  ok 54 e2e\smoke.spec.ts:1866:1 › the ties tab can send the camera to somebody (2.1s)
  ok 55 e2e\smoke.spec.ts:1893:1 › clicking a lone person still offers the ground under them (2.4s)
  ok 56 e2e\smoke.spec.ts:1934:1 › clicking yourself alone does not put a chooser in the way (2.2s)
  ok 57 e2e\smoke.spec.ts:2017:1 › a walking person is drawn between steps, not only on them (3.4s)
  ok 58 e2e\smoke.spec.ts:2087:1 › a record says nothing to somebody who cannot read it (2.6s)
  ok 59 e2e\smoke.spec.ts:2158:1 › the craft bar shows what you can make, and why you cannot (1.9s)
  ok 60 e2e\smoke.spec.ts:2196:1 › a proven design stops asking for its prototype materials (2.2s)
  ok 61 e2e\smoke.spec.ts:2235:1 › Escape opens the menu only when nothing else is in the way (1.9s)
  ok 62 e2e\smoke.spec.ts:2268:1 › the difficulty slider stamps every field, and a hand edit reads as custom (2.2s)
  ok 63 e2e\smoke.spec.ts:2310:1 › a worldgen setting says it needs a new world instead of pretending (2.8s)
  ok 64 e2e\smoke.spec.ts:2335:1 › the game opens on its settings, and Begin rebuilds the island they describe (2.4s)
  ok 65 e2e\smoke.spec.ts:2398:1 › how much your character does for itself is a visible, remembered choice (3.9s)
  ok 66 e2e\smoke.spec.ts:2446:1 › a phone viewport keeps the HUD reachable and touch pans the map (4.8s)
  ok 67 e2e\smoke.spec.ts:2545:1 › the tech web opens with readable names on a phone (3.1s)
  ok 68 e2e\smoke.spec.ts:2595:1 › the tribe graph stands still while the game is paused (3.6s)
  ok 69 e2e\smoke.spec.ts:2632:1 › the start screen switches to Spanish and back, and the choice sticks (4.6s)
  ok 70 e2e\smoke.spec.ts:2655:1 › a Spanish game is Spanish in the HUD, the menus and the panels (2.5s)
  ok 71 e2e\smoke.spec.ts:2682:1 › a brewer is offered a feast, and told why there is none to give (2.2s)
  ok 72 e2e\smoke.spec.ts:2749:1 › a chief who knows how to tax sets the levy from the Work tab (2.7s)
  ok 73 e2e\smoke.spec.ts:2803:1 › a chief who rules by law declares war on a people it knows (2.8s)
  ok 74 e2e\tool-equipment.spec.ts:5:1 › a real chop order renders the fitted axe and keeps the packed spear out of hand (2.7s)

  74 passed (3.1m)
