
> dynasty@0.0.0 test
> vitest run --maxWorkers=1 --testTimeout=15000


 RUN  v4.1.11 C:/Users/Marty/Documents/Work/Programs/dynastyGame

 ❯ src/sim/__tests__/live-checkpoint-continuation.test.ts (4 tests | 1 failed) 5952ms
     × continues a real player order across the next daily update with the same IDs, streams, and callback state 2738ms
 ❯ src/sim/__tests__/ledger-records.test.ts (3 tests | 1 failed) 437ms
     × preserves the daily sabotage snapshot across structures completed or ruined after refresh 253ms

⎯⎯⎯⎯⎯⎯⎯ Failed Tests 2 ⎯⎯⎯⎯⎯⎯⎯

 FAIL  src/sim/__tests__/ledger-records.test.ts > execution ledger records > preserves the daily sabotage snapshot across structures completed or ruined after refresh
AssertionError: Target cannot be null or undefined.
 ❯ src/sim/__tests__/ledger-records.test.ts:41:53
     39|     // not refresh the cache, so its ID and canonical object must surv…
     40|     for (let i = 0; i < sim.config.time.ticksPerDay; i++) sim.step();
     41|     expect(sabotageCacheOf().get(building.ownerBandId)).toContain(buil…
       |                                                     ^
     42|     building.damage(1_000);
     43|     expect(building.ruined).toBe(true);

⎯⎯⎯⎯⎯⎯⎯⎯⎯⎯⎯⎯⎯⎯⎯⎯⎯⎯⎯⎯⎯⎯⎯⎯[1/2]⎯

 FAIL  src/sim/__tests__/live-checkpoint-continuation.test.ts > live checkpoint continuation > continues a real player order across the next daily update with the same IDs, streams, and callback state
AssertionError: checkpoint differs after continuation tick 187: expected { …(10) } to deeply equal { …(10) }

- Expected
+ Received

@@ -63579,5 +63579,5 @@
      "version": 1,
    },
    "terrain": [Object],
    "version": 1,
  }

 ❯ expectSameContinuation src/sim/__tests__/live-checkpoint-continuation.test.ts:37:10
     35|   }
     36|   const leftKeys = Object.keys(left);
     37|   const rightKeys = Object.keys(right);
       |          ^
     38|   if (leftKeys.length !== rightKeys.length || leftKeys.some(key => !Ob…
     39|     return `${path}: keys differ`;
 ❯ src/sim/__tests__/live-checkpoint-continuation.test.ts:69:5

⎯⎯⎯⎯⎯⎯⎯⎯⎯⎯⎯⎯⎯⎯⎯⎯⎯⎯⎯⎯⎯⎯⎯⎯[2/2]⎯


 Test Files  2 failed | 131 passed (133)
      Tests  2 failed | 960 passed (962)
   Start at  10:05:05
   Duration  221.61s (transform 5.80s, setup 0ms, import 36.89s, tests 145.21s, environment 24ms)

