
> dynasty@0.0.0 sim:check:all
> vite-node tools/scenarios.ts --


SCENARIO MATRIX
==============================================================================
  scenario        checks    steps/s     failures
  food-news       1/1       3,175       -
  conflicts       1/1       1,270       -
  tiny            50/50     1,905       -
  band            52/54     844         cravings-steer-the-diet, moods-move-choices
  crowded         56/57     242         cravings-steer-the-diet
  century         72/78     290         people-act-on-what-they-know, cravings-steer-the-diet, nights-are-slept, moods-move-choices, the-wise-avoid-baneberries, peoples-drift-apart
  craft           64/70     502         cravings-steer-the-diet, nights-are-slept, moods-move-choices, people-survive, pots-reach-a-granary, discovery-is-situated
  wilds           61/64     726         cravings-steer-the-diet, moods-move-choices, the-wise-avoid-baneberries
  emptied         51/57     2,694       cravings-steer-the-diet, nights-are-slept, nights-are-spent-at-home, moods-move-choices, needs-not-pinned, shelter-answers-cold
  hearths         63/67     547         cravings-steer-the-diet, nights-are-slept, moods-move-choices, roast-wins
  porters         53/55     885         cravings-steer-the-diet, moods-move-choices
  scribes         64/68     368         cravings-steer-the-diet, nights-are-slept, moods-move-choices, discovery-is-situated
  harsh-winter    54/57     541         cravings-steer-the-diet, nights-are-slept, shelter-answers-cold
  coast           52/54     963         cravings-steer-the-diet, moods-move-choices
  traps           59/64     779         cravings-steer-the-diet, nights-are-slept, moods-move-choices, gossip-is-aimed, shelter-answers-cold
  millers         76/81     523         cravings-steer-the-diet, nights-are-slept, moods-move-choices, discovery-is-situated, peoples-drift-apart
  hunters         62/64     770         cravings-steer-the-diet, kills-are-butchered-for-bone
  fishers         62/64     1,102       cravings-steer-the-diet, moods-move-choices
  farmers         64/70     408         cravings-steer-the-diet, nights-are-slept, gossip-is-aimed, knowledge-is-found, ideas-become-tech, animals-are-tamed
  herders         68/73     545         cravings-steer-the-diet, nights-are-slept, moods-move-choices, the-wise-avoid-baneberries, animals-are-tamed
  feasts          72/74     470         cravings-steer-the-diet, pots-reach-a-granary
  stewards        70/74     381         cravings-steer-the-diet, nights-are-slept, discovery-is-situated, bands-take-sides
  labour          64/70     406         cravings-steer-the-diet, nights-are-slept, people-survive, gossip-is-aimed, discovery-is-situated, spatial-hash-spreads
  polity          81/87     228         cravings-steer-the-diet, nights-are-slept, moods-move-choices, roast-wins, cooking-spreads, pots-reach-a-granary
  conquest        86/93     243         cravings-steer-the-diet, nights-are-slept, the-wise-avoid-baneberries, roast-wins, cooking-spreads, discovery-is-situated, peoples-drift-apart
  culture         62/66     389         cravings-steer-the-diet, pictures-are-painted, animals-are-tamed, kills-are-butchered-for-bone
  lean            65/72     178         cravings-steer-the-diet, nights-are-slept, moods-move-choices, population-persists, the-tree-is-climbed, techs-are-refined, families-exist
  diggers         54/60     381         the-map-grows, cravings-steer-the-diet, nights-are-slept, people-survive, gossip-is-aimed, projects-find-backers
==============================================================================
SOME SCENARIOS FAILED

