food-news 58b4c123567a5ac790b06db6b5e13f7f891b99e5e9ab78fdf8e613e1bd9c259c 1/1
conflicts d72f6f85a80fb78638467500620e2e0f8127a79c38c8133cfe2dded86089bee0 1/1
tiny 8a9c47bc886a2c97b9a9bfda1189db77ab528fa0682553ddac88fcfb6e0c312a 47/47
band 13e841722b726157ba44bec5cfbfc2c1f296ba6bbf47b2d8cbc19c925acd6fdb 52/53
crowded aa89699c19d745e2d6b59ba6d7c8d7a3f99c6817af803b1c934c440d93c3a880 57/59
century c7038369e669ee4b84f568efde8a735888500e21943b86f16e52b3aa000a7963 71/76
craft a4960a3003ea8fe8ae7c7d86b547db88d15de3362196ce1f7b56aa9099ec0ed9 65/70
wilds 65541429951b0f4200af74983e29599cb0bf03bf5d5a4db8f62c005e246832f2 60/63
emptied 7d653fbd50f1fe23cd0d1ab4c0521ecd94d64ff9925dd07f9d609324d0f0d690 54/58
hearths codec configuration fallback: TypeError: Invalid checkpoint record: unknown or missing fields
hearths 4f44d0aa0642921cc8827d7a16eb246df174a85ab680ead009255f0c2185b2cd 64/69
porters codec configuration fallback: TypeError: Invalid checkpoint record: unknown or missing fields
porters 623d4ac1af0e70f78e84247fbcccb797ea7098db11e7011c843f349aae45bafb 54/56
scribes codec configuration fallback: TypeError: Invalid checkpoint record: unknown or missing fields
scribes 3a4bda488d81bcd00c603226296223cd4dd5677ffb764a6ec7d2dbd1bf5fff01 66/68
harsh-winter bcbdd9ba0e542d8e90907d7d2bd37eea73b64b1746255b5927fc1d0dc4924e98 52/57
coast 6892edae93ab8c8e2c4c1946574059333e3cc838be6cf20a8fda4a0abc78a6f1 53/54
shallows bf3ce715812ac46ab316c4fc966d771971df7f5c0cc4d7f314400f634f4b80eb 6/6
traps f0415b7e92c4450d72622d01245ce1eb0d9d590c91b0526b919ec9d4d6609cf2 64/66
millers 2dbfced19ceb32ada1650e134f52194f46ec71d5d3202b45eafc1d3e38f0ef97 67/72
hunters 8b08a9e7d7cbc6fac60ad849c61c7594691f1efd823555a85cd05abf9eb333d2 59/62
fishers 0b8c57c8531336ad381515cb43c214ef39fb1a8cee25a1c859b3e29305cbac48 61/63
farmers 51b731125e5baacde8b40bf935a4dfdf0d1e87a3f8e1fd810edf940fda7c7945 71/74
herders d61650f8932ad97b8427312fc9a40e72dd09100b46c2f24cfceac2d541f4c49c 69/76
feasts 35b47846ec97d01ab637bb4a16e4e202f4e953b177404734404c5cc773b95c71 73/78
stewards 0270f3300070dc7d49c75538dc816dd23f000f5808903676fc013c052fbef4c6 71/74
labour e9229e3fd64adf6a85c9a2bcb3729fe0ac9eae93cba2a5542088096a78c5b929 63/71
polity 81460f063a1fe97f7276eb617384c16a95c4f1653aad7e5366f00b7182bdc8b8 82/88
conquest codec configuration fallback: TypeError: Invalid checkpoint record: unknown or missing fields
conquest 0cfebbe9261e0d833ebc7738cb0261ffef55d24974e4b7844fe5084284c4bbca 84/91
culture 4de084c7a3dfdcbae54d1664bf8b9f68b2898d6c063c620f45fd3e50391a940c 56/65
lean 8f2ff4a4f948ca7754491f87d3363c73cc5a0e2922ceca679cb650c77f80e858 61/73
diggers f710545f0fc1333510fb000224657dd5bff4494bfb09d12bfbecebdfa142b013 56/61
orchard af4fe246cf18a9c597f3e1ba49bb620b044625cbfc9233a2707067d6e9888f18 55/59
All classic scenario final checkpoints and check results match.
