
> dynasty@0.0.0 sim:check:all
> vite-node tools/scenarios.ts --


SCENARIO MATRIX
==============================================================================
  scenario        checks    steps/s     failures
  frontier        2/2       1,863       -
  food-news       1/1       3,279       -
  conflicts       1/1       988         -
  tiny            47/47     1,383       -
  band            52/53     289         cravings-steer-the-diet
  crowded         57/59     168         cravings-steer-the-diet, shelter-answers-cold
  century         71/76     456         cravings-steer-the-diet, nights-are-slept, moods-move-choices, the-wise-avoid-baneberries, discovery-is-situated
  craft           65/70     358         people-act-on-what-they-know, cravings-steer-the-diet, nights-are-slept, people-survive, pots-reach-a-granary
  wilds           60/63     390         cravings-steer-the-diet, nights-are-slept, moods-move-choices
  emptied         54/58     1,276       cravings-steer-the-diet, nights-are-slept, projects-find-backers, shelter-answers-cold
  hearths         64/69     453         people-act-on-what-they-know, cravings-steer-the-diet, nights-are-slept, roast-wins, pots-reach-a-granary
  porters         54/56     1,001       cravings-steer-the-diet, moods-move-choices
  scribes         66/68     564         cravings-steer-the-diet, nights-are-slept
  harsh-winter    52/57     616         cravings-steer-the-diet, nights-are-slept, nights-are-spent-at-home, needs-not-pinned, shelter-answers-cold
  coast           53/54     1,067       cravings-steer-the-diet
  shallows        6/6       1,002       -
  traps           64/66     929         cravings-steer-the-diet, moods-move-choices
  millers         67/72     622         cravings-steer-the-diet, nights-are-slept, moods-move-choices, the-wise-avoid-baneberries, spatial-hash-spreads
  hunters         59/62     889         cravings-steer-the-diet, kills-are-butchered-for-bone, discovery-is-situated
  fishers         61/63     1,082       cravings-steer-the-diet, moods-move-choices
  farmers         71/74     450         cravings-steer-the-diet, nights-are-slept, discovery-is-situated
  herders         69/76     673         cravings-steer-the-diet, nights-are-slept, moods-move-choices, techs-are-refined, the-wise-avoid-baneberries, animals-are-tamed, herds-breed-and-are-culled
  feasts          73/78     410         cravings-steer-the-diet, nights-are-slept, pots-reach-a-granary, discovery-is-situated, bands-take-sides
  stewards        71/74     434         cravings-steer-the-diet, nights-are-slept, discovery-is-situated
  labour          63/71     464         cravings-steer-the-diet, nights-are-slept, moods-move-choices, people-survive, gossip-is-aimed, research-is-social, the-wise-avoid-baneberries, spatial-hash-spreads
  polity          82/88     379         cravings-steer-the-diet, nights-are-slept, moods-move-choices, roast-wins, cooking-spreads, pots-reach-a-granary
  conquest        84/91     540         people-act-on-what-they-know, cravings-steer-the-diet, nights-are-slept, projects-find-backers, records-are-cut, roast-wins, cooking-spreads
  culture         56/65     1,021       cravings-steer-the-diet, nights-are-slept, moods-move-choices, gossip-is-aimed, shelter-answers-cold, pictures-are-painted, animals-are-tamed, kills-are-butchered-for-bone, discovery-is-situated
  lean            61/73     399         cravings-steer-the-diet, nights-are-slept, moods-move-choices, population-persists, needs-not-pinned, gossip-is-aimed, projects-find-backers, the-tree-is-climbed, techs-are-refined, discovery-is-situated, families-exist, bands-take-sides
  diggers         56/61     818         cravings-steer-the-diet, nights-are-slept, gossip-is-aimed, shelter-answers-cold, spatial-hash-spreads
  orchard         55/59     1,266       cravings-steer-the-diet, nights-are-slept, gossip-is-aimed, spatial-hash-spreads
==============================================================================
SOME SCENARIOS FAILED
