
SCENARIO MATRIX
==============================================================================
  scenario        checks    steps/s     failures
  frontier-cohort 3/3       161         -
  frontier        2/2       7,692       -
  food-news       1/1       4,545       -
  conflicts       1/1       1,481       -
  tiny            47/47     821         -
  band            52/53     276         cravings-steer-the-diet
  crowded         57/59     132         cravings-steer-the-diet, shelter-answers-cold
  century         71/76     303         cravings-steer-the-diet, nights-are-slept, moods-move-choices, the-wise-avoid-baneberries, discovery-is-situated
  craft           65/70     235         people-act-on-what-they-know, cravings-steer-the-diet, nights-are-slept, people-survive, pots-reach-a-granary
  wilds           60/63     458         cravings-steer-the-diet, nights-are-slept, moods-move-choices
  emptied         54/58     1,320       cravings-steer-the-diet, nights-are-slept, projects-find-backers, shelter-answers-cold
  hearths         64/69     332         people-act-on-what-they-know, cravings-steer-the-diet, nights-are-slept, roast-wins, pots-reach-a-granary
  porters         54/56     491         cravings-steer-the-diet, moods-move-choices
  scribes         66/68     295         cravings-steer-the-diet, nights-are-slept
  harsh-winter    52/57     322         cravings-steer-the-diet, nights-are-slept, nights-are-spent-at-home, needs-not-pinned, shelter-answers-cold
  coast           53/54     539         cravings-steer-the-diet
  shallows        6/6       521         -
  traps           64/66     568         cravings-steer-the-diet, moods-move-choices
  millers         67/72     360         cravings-steer-the-diet, nights-are-slept, moods-move-choices, the-wise-avoid-baneberries, spatial-hash-spreads
  hunters         59/62     486         cravings-steer-the-diet, kills-are-butchered-for-bone, discovery-is-situated
  fishers         61/63     705         cravings-steer-the-diet, moods-move-choices
  farmers         71/74     318         cravings-steer-the-diet, nights-are-slept, discovery-is-situated
  herders         69/76     471         cravings-steer-the-diet, nights-are-slept, moods-move-choices, techs-are-refined, the-wise-avoid-baneberries, animals-are-tamed, herds-breed-and-are-culled
  feasts          73/78     280         cravings-steer-the-diet, nights-are-slept, pots-reach-a-granary, discovery-is-situated, bands-take-sides
  stewards        71/74     283         cravings-steer-the-diet, nights-are-slept, discovery-is-situated
  labour          63/71     281         cravings-steer-the-diet, nights-are-slept, moods-move-choices, people-survive, gossip-is-aimed, research-is-social, the-wise-avoid-baneberries, spatial-hash-spreads
  polity          82/88     219         cravings-steer-the-diet, nights-are-slept, moods-move-choices, roast-wins, cooking-spreads, pots-reach-a-granary
  conquest        84/91     302         people-act-on-what-they-know, cravings-steer-the-diet, nights-are-slept, projects-find-backers, records-are-cut, roast-wins, cooking-spreads
  culture         56/65     643         cravings-steer-the-diet, nights-are-slept, moods-move-choices, gossip-is-aimed, shelter-answers-cold, pictures-are-painted, animals-are-tamed, kills-are-butchered-for-bone, discovery-is-situated
  lean            61/73     312         cravings-steer-the-diet, nights-are-slept, moods-move-choices, population-persists, needs-not-pinned, gossip-is-aimed, projects-find-backers, the-tree-is-climbed, techs-are-refined, discovery-is-situated, families-exist, bands-take-sides
  diggers         56/61     644         cravings-steer-the-diet, nights-are-slept, gossip-is-aimed, shelter-answers-cold, spatial-hash-spreads
  orchard         55/59     958         cravings-steer-the-diet, nights-are-slept, gossip-is-aimed, spatial-hash-spreads
==============================================================================
SOME SCENARIOS FAILED
