
> dynasty@0.0.0 sim:check:all
> vite-node tools/scenarios.ts --


SCENARIO MATRIX
==============================================================================
  scenario        checks    steps/s     failures
  food-news       1/1       3,468       -
  conflicts       1/1       1,569       -
  tiny            47/47     2,454       -
  band            53/54     839         cravings-steer-the-diet
  crowded         55/56     278         cravings-steer-the-diet
  century         71/76     292         cravings-steer-the-diet, nights-are-slept, moods-move-choices, the-wise-avoid-baneberries, discovery-is-situated
  craft           61/66     604         cravings-steer-the-diet, nights-are-slept, gossip-is-aimed, projects-find-backers, discovery-is-situated
  wilds           61/64     936         cravings-steer-the-diet, moods-move-choices, the-wise-avoid-baneberries
  emptied         53/58     2,832       cravings-steer-the-diet, nights-are-spent-at-home, moods-move-choices, needs-not-pinned, shelter-answers-cold
  hearths         62/67     737         people-act-on-what-they-know, cravings-steer-the-diet, nights-are-slept, moods-move-choices, roast-wins
  porters         52/54     1,108       cravings-steer-the-diet, moods-move-choices
  scribes         65/67     608         cravings-steer-the-diet, gossip-is-aimed
  harsh-winter    51/57     724         cravings-steer-the-diet, nights-are-slept, nights-are-spent-at-home, moods-move-choices, needs-not-pinned, shelter-answers-cold
  coast           52/53     1,389       cravings-steer-the-diet
  traps           59/64     963         cravings-steer-the-diet, nights-are-slept, moods-move-choices, gossip-is-aimed, shelter-answers-cold
  millers         73/77     927         cravings-steer-the-diet, nights-are-slept, moods-move-choices, the-wise-avoid-baneberries
  hunters         59/63     801         cravings-steer-the-diet, gossip-is-aimed, kills-are-butchered-for-bone, discovery-is-situated
  fishers         59/61     1,094       cravings-steer-the-diet, moods-move-choices
  farmers         67/72     439         cravings-steer-the-diet, nights-are-slept, moods-move-choices, animals-are-tamed, discovery-is-situated
  herders         67/72     615         cravings-steer-the-diet, nights-are-slept, moods-move-choices, gossip-is-aimed, animals-are-tamed
  feasts          73/78     574         cravings-steer-the-diet, moods-move-choices, crafts-happen-at-stations, pots-reach-a-granary, discovery-is-situated
  stewards        68/72     366         people-act-on-what-they-know, cravings-steer-the-diet, nights-are-slept, moods-move-choices
  labour          59/65     457         cravings-steer-the-diet, nights-are-slept, people-survive, needs-not-pinned, gossip-is-aimed, shelter-answers-cold
  polity          79/85     448         cravings-steer-the-diet, nights-are-slept, moods-move-choices, the-wise-avoid-baneberries, roast-wins, cooking-spreads
  conquest        81/90     569         cravings-steer-the-diet, nights-are-slept, moods-move-choices, techs-are-refined, records-are-cut, roast-wins, cooking-spreads, discovery-is-situated, spatial-hash-spreads
  culture         60/65     993         cravings-steer-the-diet, nights-are-slept, moods-move-choices, pictures-are-painted, kills-are-butchered-for-bone
  lean            62/70     435         cravings-steer-the-diet, nights-are-slept, moods-move-choices, population-persists, projects-find-backers, the-tree-is-climbed, techs-are-refined, families-exist
==============================================================================
SOME SCENARIOS FAILED

