
> dynasty@0.0.0 test
> vitest run src/render/__tests__/work-animation.test.ts -t does not mistake --maxWorkers=1 --testTimeout=15000


 RUN  v4.1.11 C:/Users/Marty/Documents/Work/Programs/dynastyGame

 ❯ src/render/__tests__/work-animation.test.ts (10 tests | 1 failed | 9 skipped) 12ms
     × does not mistake a tool change after an earlier pull for gathering work 10ms

⎯⎯⎯⎯⎯⎯⎯ Failed Tests 1 ⎯⎯⎯⎯⎯⎯⎯

 FAIL  src/render/__tests__/work-animation.test.ts > gathering animation > does not mistake a tool change after an earlier pull for gathering work
AssertionError: expected 'g1' to be null

- Expected:
null

+ Received:
"g1"

 ❯ src/render/__tests__/work-animation.test.ts:22:47
     20|     const { person, sim } = fixture();
     21|     person.workedTicks = 3; person.actionTimer = 3; person.actionTotal…
     22|     expect(gatheringPose(person, sim, false)).toBeNull();
       |                                               ^
     23|     person.actionTotal = 10;
     24|     expect(gatheringPose(person, sim, false)).toBe('g1');

⎯⎯⎯⎯⎯⎯⎯⎯⎯⎯⎯⎯⎯⎯⎯⎯⎯⎯⎯⎯⎯⎯⎯⎯[1/1]⎯


 Test Files  1 failed (1)
      Tests  1 failed | 9 skipped (10)
   Start at  18:58:05
   Duration  1.46s (transform 543ms, setup 0ms, import 1.10s, tests 12ms, environment 0ms)

