
> dynasty@0.0.0 sim:seeds
> vite-node tools/seeds.ts -- --scenario century --seeds 20 --set carry.autoEquipTools=true


SEED COHORT  -  scenario "century", 20 seeds, 40,000 steps each
==============================================================================
  seed      peak   end    survived   born   starved: inf chi adu   known past taught
  century     66    55        83%     41             6   0   4       3    4    132
  alpha       65    65       100%     40             2   1   3       5    4    155
  beta        62    62       100%     37             2   0   2       5    4    162
  gamma       58    57        98%     40             5   0   3       3    1    103
  delta       62    59        95%     48            10   0   7       5    6    179
  eps         49    28        57%     30            11   0   6       2    1     84
  zeta        37    27        73%     18            10   2   8       3    0     45
  eta         68    57        84%     46            12   1   5       4    6    114
  theta       49    45        92%     33             7   0   0       3    1     79
  iota        58    21        36%     36            21   1   9       5    3    131
  kappa       47    47       100%     28             4   1   3       3    2     76
  lambda      44    21        48%     28             8   1   5       1    1     56
  mu          50    33        66%     27            13   1   8       5    0     95
  nu          52    40        77%     33             4   1   6       5    1    135
  xi          54    39        72%     29             1   0   0       3    1     84
  omicron     39     5        13%     10             9   1  11       3    1     21
  pi          55    55       100%     34             4   0   2       4    2     78
  rho         48    41        85%     28             8   0   6       4    5     93
  sigma       39     7        18%     14             8   0  13       4    0     18
  tau         74    69        93%     46             6   0   2       4    4    144
  DEMOGRAPHY 646 births / 219 fertile women = 2.950 births/woman; 0.909 births/woman-year (710.875 woman-years) · mortality <1y 0.092 (49/535; 111 births awaiting follow-up) · <5y 1.000 (198/198; 448 births awaiting follow-up) · mean age at death 14.770y (428 deaths) · causes bleeding=1, dehydration=4, exposure=43, infection=4, murder=97, old age=15, starvation=264
  HOME night near<15 0.798 far>25 0.049 far>45 0.001 sleep 0.184 rest 0.210 · actions rest:0.210,sleep:0.184,idle:0.099,forage:0.079,go_home:0.055,ponder:0.054,give:0.049,shelter:0.046,nurse:0.039,talk:0.036 · day distance median/p90/max 8.2/20.3/65.7 · child-parent median/p90 1.3/5.7 far>12 0.013 far>30 0.000
  HISTORY drawdown p50/p90/max 0.211/1.000/1.000 · recovered 1/21 (median days 81; censored 20) · band lost violence/need/other/absorbed 5/4/0/0 · world lost 0/20 · self-destroyed 0 · in-band kills/1,000 person-years 0.000 · violent adult deaths 0.251 · answered 0.222 · war episodes/year 1.429 median days 1 peace share 0.999 · firemaking first known day 22 · adoption median days 10 not reached 6 · malnutrition 0.201 · protein nutrition share 0.278
  FOOD ACCESS accessible 4993879 · blocked by reach 372819 · absent from search 434000
  ORDERS build 83.9% (141/27 obeyed/refused) · haul 88.5% (3303/429 obeyed/refused) · sabotage 59.7% (40/27 obeyed/refused) · take 46.7% (14/16 obeyed/refused)
  RAIDS proposed 252 · chief-approved 219 · refused by chief 33 · called 46 · no party 206 · followers ordered 54
  SOCIAL INTERRUPTIONS interrupted_ask_away_from_family=177 interrupted_ask_baby_crying=45 interrupted_ask_cold=252 interrupted_ask_hungry=19 interrupted_ask_thirsty=8 interrupted_court_baby_crying=32 interrupted_court_cold=122 interrupted_court_hungry=45 interrupted_discuss_baby_crying=2139 interrupted_discuss_cold=2908 interrupted_discuss_thirsty=4 interrupted_give_away_from_family=7 interrupted_give_baby_crying=5939 interrupted_give_cold=3517 interrupted_give_hungry=39 interrupted_give_thirsty=2 interrupted_spar_baby_crying=163 interrupted_spar_cold=2676 interrupted_spar_hungry=147 interrupted_spar_thirsty=288 interrupted_steal_cold=9 interrupted_steal_hungry=80 interrupted_teach_baby_crying=517 interrupted_teach_cold=1551 interrupted_teach_hungry=243 interrupted_teach_thirsty=2 interrupted_trade_cold=5
  PROTEIN DURING CRAVING 1502091/2643989 searches had a reachable protein-rich food node · 426622 only outside anchor reach · 333046 masked by another reachable food node · 333046 selected by the out-of-reach override · 715276 absent from the forage search
==============================================================================
  EXTINCT 0/20   ·  no band able to recover 1/20   ·  above its low point at the end 8/20   ·  bands still viable 41
  MEAN SURVIVAL 77.4%   ·  2/20 collapsed below a quarter   ·  646 born
  starved: 151 infants (5 or under), 10 older children, 103 adults
  MEAN 3.7 technologies known at the end, 2.4 conceived past the root nodes, 99.2 passed on   ·  3/20 never got past a root node
  CONFLICT 59 blows between peoples, 98% near either camp · 2 murders · peoples drifted apart after incidents in 7/12 seeds (mean -0.2 tiles)
  DEFENCE 187 interventions against 163 property deeds an owner saw · 3 taken captive in 1/20 seeds, 0 escaped, 0 came home
  TRIPWIRES coats sewn in 0/20 seeds · the hurt tended in 7 · animals fed in 0 · tamed in 0 · taming known in 0
  BANDS 1 cast out in 1 seeds · factions in 2 seeds · 1 taken in, of 2 who left or were cast out
  BODIES 404 of 428 found · 202 investigations, 0 named the killer, 0 somebody else
  VIOLENCE 59 blows in all, 0 inside a band, 0 by an adult on a child · 0 of 290 thefts from a person inside a band
  FIRE FOUND 3/20 seeds (15.0%; phase 4 gate 50%)
  WANTING SPARKS firemaking_4=19 · tracking_4=3
  KIN defended 0/0 witnessed attacks; fled closer 0/0 times
  RESEARCH 429 argued breakthroughs / 3264 total; argument breakthroughs in 20/20 seeds
  REFINEMENT 221 improvements from 183 proven designs in 19/20 seeds
  JUSTICE 4/33 victim complaints heard; 1 carried demands delivered; complaints in 3/20 seeds
  SOIL 0/0 harvested worlds below 98.5% of resting (n/a% mean); compost spread in 0/20 seeds (0 spreads; 0 loads matured)
  WALK 1648/11922977 stuck ticks (0.1 per 1,000); above the check floor in 0/20 seeds
  STANDING 13/14 eligible 60-day worlds above 20 points (1 at or below)
  2683.9s

