
Running 80 tests using 1 worker

(node:1124) Warning: The 'NO_COLOR' env is ignored due to the 'FORCE_COLOR' env being set.
(Use `node --trace-warnings ...` to show where the warning was created)
  ok  1 e2e\clothing-web.spec.ts:4:1 › clothing knowledge opens its own Spanish web with working recipe nodes (5.3s)
  ok  2 e2e\clothing.spec.ts:4:1 › wearing a coat from the Kit warms the person and offers to take it off (7.5s)
  ok  3 e2e\garment-layers.spec.ts:4:1 › a hide cape and sewn tunic can be worn together from the Kit (4.2s)
  ok  4 e2e\linen-tunic.spec.ts:4:1 › a linen tunic is worn from the Spanish Kit and visible on the torso (4.0s)
  ok  5 e2e\smoke.spec.ts:52:1 › population profiler runs 300 real founders through the production loop (3.9s)
  ok  6 e2e\smoke.spec.ts:253:1 › the verdict overlay skips expired cases and closes when the chief loses office (3.1s)
  ok  7 e2e\smoke.spec.ts:296:1 › boots, paints and advances the clock (3.2s)
  x   8 e2e\smoke.spec.ts:326:1 › the observer map hides unvisited ground and prevents selecting its entities (3.7s)
(node:18404) Warning: The 'NO_COLOR' env is ignored due to the 'FORCE_COLOR' env being set.
(Use `node --trace-warnings ...` to show where the warning was created)
  ok  9 e2e\smoke.spec.ts:392:1 › explored terrain keeps the same shade as the map memory updates (3.2s)
  ok 10 e2e\smoke.spec.ts:436:1 › a remembered place reports when it was last seen (3.2s)
  ok 11 e2e\smoke.spec.ts:471:1 › the panel shows who someone is and what they want (2.8s)
  ok 12 e2e\smoke.spec.ts:487:1 › the character tabs each render (3.9s)
  ok 13 e2e\smoke.spec.ts:510:1 › a job can be assigned from the Work tab and changes what it says (3.8s)
  ok 14 e2e\smoke.spec.ts:547:1 › right-click opens a radial menu whose options fit the target (4.9s)
  ok 15 e2e\smoke.spec.ts:572:1 › an order from the menu changes what the player is doing (2.9s)
  ok 16 e2e\smoke.spec.ts:589:1 › build mode offers designs and marks locked ones (2.9s)
  ok 17 e2e\smoke.spec.ts:613:1 › pauses and resumes (5.0s)
  ok 18 e2e\smoke.spec.ts:631:1 › walking with the keyboard moves the player (3.3s)
  ok 19 e2e\smoke.spec.ts:644:1 › dragging pans the map instead of selecting (3.1s)
  ok 20 e2e\smoke.spec.ts:678:1 › the browser context menu is suppressed (2.7s)
  ok 21 e2e\smoke.spec.ts:688:1 › a stranger gives up nothing but what you can see (3.5s)
  ok 22 e2e\smoke.spec.ts:729:1 › a berry bush reads as an estimate until you are close (3.0s)
  ok 23 e2e\smoke.spec.ts:773:1 › death hands the game to an heir instead of ending it (3.5s)
  ok 24 e2e\smoke.spec.ts:829:1 › the family panel names spouse, parents and children (2.9s)
  ok 25 e2e\smoke.spec.ts:845:1 › the era is named in the top bar (2.6s)
  ok 26 e2e\smoke.spec.ts:855:1 › standing over someone is shown, and command mode can be entered (3.4s)
  ok 27 e2e\smoke.spec.ts:887:1 › knowledge is listed on the person who holds it (3.0s)
  ok 28 e2e\smoke.spec.ts:907:1 › an idea in progress is shown, with the story that started it (3.3s)
  ok 29 e2e\smoke.spec.ts:938:1 › somebody with no ideas can still sit and think (2.9s)
  ok 30 e2e\smoke.spec.ts:963:1 › the tech web opens on G and answers why an idea has not arrived (3.5s)
  ok 31 e2e\smoke.spec.ts:1017:1 › the tech web keeps a stranger to themselves (3.6s)
  ok 32 e2e\smoke.spec.ts:1052:1 › the tech web can be dragged and zoomed (3.9s)
  ok 33 e2e\smoke.spec.ts:1090:1 › the family tree opens on K and reads top to bottom (3.0s)
  ok 34 e2e\smoke.spec.ts:1106:1 › the tribe graph hides other bands until asked, and says how many it hid (3.2s)
  ok 35 e2e\smoke.spec.ts:1155:1 › the family tree colours a line by what its two ends think of each other (2.8s)
  ok 36 e2e\smoke.spec.ts:1168:1 › the tribe graph opens on T and is empty rather than broken for a friendless founder (2.9s)
  ok 37 e2e\smoke.spec.ts:1183:1 › the tribe graph draws in ranks once the band divides its labour (3.2s)
  ok 38 e2e\smoke.spec.ts:1236:1 › the family tree and tribe graph are gated the same as the tech web (3.5s)
  ok 39 e2e\smoke.spec.ts:1262:1 › the three graphs are mutually exclusive (3.0s)
  ok 40 e2e\smoke.spec.ts:1282:1 › teaching appears in the menu only when you have something to teach (3.8s)
  ok 41 e2e\smoke.spec.ts:1356:1 › crowded radial options stay clickable on desktop and phone, including submenus (3.9s)
  ok 42 e2e\smoke.spec.ts:1394:1 › the talk menu nests, and offers a stranger only a greeting (3.9s)
  ok 43 e2e\smoke.spec.ts:1474:1 › the kit tab lists what you carry and offers verbs on it (3.6s)
  ok 44 e2e\smoke.spec.ts:1502:1 › trimmed people preserve the pre-optimisation pixels in every body, pose and facing (872ms)
  ok 45 e2e\smoke.spec.ts:1527:1 › 500 gathering appearances retain all four poses within the pixel budget without warm recompositions (9.7s)
  ok 46 e2e\smoke.spec.ts:1558:1 › a gathering NPC cycles visible poses, freezes while paused and releases the gesture on interruption (4.7s)
  ok 47 e2e\smoke.spec.ts:1644:1 › digging tools appear in the craft bar and carried kit (3.7s)
  ok 48 e2e\smoke.spec.ts:1682:1 › dropping puts goods on the ground where they can be picked up (3.1s)
  ok 49 e2e\smoke.spec.ts:1721:1 › right-clicking water sends you to the bank instead of refusing (3.9s)
  ok 50 e2e\smoke.spec.ts:1772:1 › character creation picks a life inside a world that already exists (4.7s)
  ok 51 e2e\smoke.spec.ts:1835:1 › the dead are folded away under the living, and the fold stays open (3.7s)
  ok 52 e2e\smoke.spec.ts:1869:1 › the ties tab can send the camera to somebody (2.9s)
  ok 53 e2e\smoke.spec.ts:1896:1 › clicking a lone person still offers the ground under them (3.3s)
  ok 54 e2e\smoke.spec.ts:1937:1 › clicking yourself alone does not put a chooser in the way (3.0s)
  ok 55 e2e\smoke.spec.ts:2020:1 › a walking person is drawn between steps, not only on them (4.5s)
  ok 56 e2e\smoke.spec.ts:2090:1 › a record says nothing to somebody who cannot read it (3.5s)
  ok 57 e2e\smoke.spec.ts:2161:1 › the craft bar shows what you can make, and why you cannot (3.2s)
  ok 58 e2e\smoke.spec.ts:2199:1 › a proven design stops asking for its prototype materials (3.1s)
  ok 59 e2e\smoke.spec.ts:2238:1 › Escape opens the menu only when nothing else is in the way (3.1s)
  ok 60 e2e\smoke.spec.ts:2271:1 › the difficulty slider stamps every field, and a hand edit reads as custom (3.4s)
  ok 61 e2e\smoke.spec.ts:2313:1 › a worldgen setting says it needs a new world instead of pretending (3.1s)
  ok 62 e2e\smoke.spec.ts:2338:1 › the game opens on its settings, and Begin rebuilds the island they describe (3.3s)
  ok 63 e2e\smoke.spec.ts:2418:1 › how much your character does for itself is a visible, remembered choice (6.4s)
  ok 64 e2e\smoke.spec.ts:2466:1 › a phone viewport keeps the HUD reachable and touch pans the map (6.1s)
  ok 65 e2e\smoke.spec.ts:2572:1 › the tech web opens with readable names on a phone (3.6s)
  ok 66 e2e\smoke.spec.ts:2622:1 › the tribe graph stands still while the game is paused (4.5s)
  ok 67 e2e\smoke.spec.ts:2659:1 › the start screen switches to Spanish and back, and the choice sticks (6.5s)
  ok 68 e2e\smoke.spec.ts:2685:1 › a Spanish game is Spanish in the HUD, the menus and the panels (3.5s)
  ok 69 e2e\smoke.spec.ts:2712:1 › a brewer is offered a feast, and told why there is none to give (3.4s)
  ok 70 e2e\smoke.spec.ts:2779:1 › a chief who knows how to tax sets the levy from the Work tab (3.6s)
  ok 71 e2e\smoke.spec.ts:2833:1 › a chief who rules by law declares war on a people it knows (3.5s)
  ok 72 e2e\tech-subwebs.spec.ts:60:1 › a known gate carries «known / total», opens its web, and Escape steps back (5.8s)
  ok 73 e2e\tech-subwebs.spec.ts:145:1 › a sub-web whose gate the character does not know is not there to see (3.4s)
  ok 74 e2e\tech-subwebs.spec.ts:191:1 › clicks on the web do not reach the world behind it (4.0s)
  ok 75 e2e\tech-subwebs.spec.ts:300:1 › learning a technique leaves every node where it was (4.2s)
  ok 76 e2e\tech-subwebs.spec.ts:336:1 › screenshots: the gate mark, a sub-web, in Spanish, and on a phone (13.5s)
  x  77 e2e\toggled-coat.spec.ts:4:1 › a toggled coat is worn from the Spanish Kit and visible on the torso (9.1s)
(node:17848) Warning: The 'NO_COLOR' env is ignored due to the 'FORCE_COLOR' env being set.
(Use `node --trace-warnings ...` to show where the warning was created)
  ok 78 e2e\version.spec.ts:9:1 › the main menu shows the package version and checked-out commit (2.5s)
  ok 79 e2e\version.spec.ts:24:1 › the version label survives into the in-game screen (2.3s)
  ok 80 e2e\wool-cloak.spec.ts:4:1 › a wool cloak replaces a hide cape from the Spanish Kit and is visible (3.4s)


  1) e2e\smoke.spec.ts:326:1 › the observer map hides unvisited ground and prevents selecting its entities 

    Error: expect(received).toBeGreaterThan(expected)

    Expected: > 45
    Received:   36

      373 |     return [...canvas.getContext('2d')!.getImageData(px, py, 1, 1).data].slice(0, 3);
      374 |   }, unknown!);
    > 375 |   expect(clearPixel[0]! + clearPixel[1]! + clearPixel[2]!).toBeGreaterThan(45);
          |                                                            ^
      376 |   await page.mouse.click(unknown!.x, unknown!.y);
      377 |   await expect(page.locator('.picker')).toBeVisible();
      378 |   await page.reload();
        at C:\Users\Marty\Documents\Work\Programs\dynastyGame\e2e\smoke.spec.ts:375:60

    Error Context: artifacts\playwright\smoke-the-observer-map-hid-7bcb4-ents-selecting-its-entities\error-context.md

    attachment #2: trace (application/zip) ─────────────────────────────────────────────────────────
    artifacts\playwright\smoke-the-observer-map-hid-7bcb4-ents-selecting-its-entities\trace.zip
    Usage:

        npx playwright show-trace artifacts\playwright\smoke-the-observer-map-hid-7bcb4-ents-selecting-its-entities\trace.zip

    ────────────────────────────────────────────────────────────────────────────────────────────────

  2) e2e\toggled-coat.spec.ts:4:1 › a toggled coat is worn from the Spanish Kit and visible on the torso 

    Error: expect(locator).toContainText(expected) failed

    Locator: locator('.hud-panel')
    Expected substring: "torso: Abrigo con alamares ×1"
    Received string:    "Ithan Velensen▾Ithan Velensen túhombre, 30 años · banda Rhauneres túsin nada que hacerAhoraPerfilEquipoTrabajoLazosVidaHabilidadescultivo13rastreo13enseñanza13lucha11recolección11caza10forja9cocina7persuasión7construcción6curación6talla6natación0Temperamentoagresividad54codicia35lealtad70curiosidad71tradición34inteligencia69laboriosidad72malicia60El temperamento pesa en cada decisión. Una persona codiciosa y desleal prefiere de verdad coger a pedir.Ánimocomodidad48pertenencia53seguridad49propósito53Cómo anda de ánimo, tendiendo hacia un punto que fija su temperamento.Dándole vueltas ano se le ha ocurrido nada últimamenteSabenada que nadie haya tenido que averiguar todavía"
    Timeout: 5000ms

    Call log:
      - Expect "toContainText" with timeout 5000ms
      - waiting for locator('.hud-panel')
        14 × locator resolved to <div class="hud-panel">…</div>
           - unexpected value "Ithan Velensen▾Ithan Velensen túhombre, 30 años · banda Rhauneres túsin nada que hacerAhoraPerfilEquipoTrabajoLazosVidaHabilidadescultivo13rastreo13enseñanza13lucha11recolección11caza10forja9cocina7persuasión7construcción6curación6talla6natación0Temperamentoagresividad54codicia35lealtad70curiosidad71tradición34inteligencia69laboriosidad72malicia60El temperamento pesa en cada decisión. Una persona codiciosa y desleal prefiere de verdad coger a pedir.Ánimocomodidad48pertenencia53seguridad49propósito53Cómo anda de ánimo, tendiendo hacia un punto que fija su temperamento.Dándole vueltas ano se le ha ocurrido nada últimamenteSabenada que nadie haya tenido que averiguar todavía"


      25 |   });
      26 |   await page.locator('.hud-tab[data-tab="self"]').click();
    > 27 |   await expect(page.locator('.hud-panel')).toContainText('torso: Abrigo con alamares ×1');
         |                                            ^
      28 |   await page.locator('.hud-tab[data-tab="kit"]').click();
      29 |   await expect(page.locator('.hud-panel')).toContainText('Abrigo con alamares');
      30 |   expect(await page.evaluate(async () => {
        at C:\Users\Marty\Documents\Work\Programs\dynastyGame\e2e\toggled-coat.spec.ts:27:44

    Error Context: artifacts\playwright\toggled-coat-a-toggled-coa-4691a-it-and-visible-on-the-torso\error-context.md

    attachment #2: trace (application/zip) ─────────────────────────────────────────────────────────
    artifacts\playwright\toggled-coat-a-toggled-coa-4691a-it-and-visible-on-the-torso\trace.zip
    Usage:

        npx playwright show-trace artifacts\playwright\toggled-coat-a-toggled-coa-4691a-it-and-visible-on-the-torso\trace.zip

    ────────────────────────────────────────────────────────────────────────────────────────────────

  2 failed
    e2e\smoke.spec.ts:326:1 › the observer map hides unvisited ground and prevents selecting its entities 
    e2e\toggled-coat.spec.ts:4:1 › a toggled coat is worn from the Spanish Kit and visible on the torso 
  78 passed (5.4m)
