
> dynasty@0.15.45-alpha sim:check
> vite-node tools/headless.ts --


WORLD HEALTH REPORT  -  scenario "band"  seed "band"
==============================================================================
3000 steps in 5693ms  (527 steps/s)

POPULATION OVER TIME
  step    day   alive  hunger  thirst  tired   cold   lonely  health  food   bare  store  trees  grown  fruit  kids  wed  age   oob  
  0       5     31     0.0     0.0     0.0     0.0    0.0     100.0   1449   187   0      1047   926    0      12    16   20    0    
  300     6     31     15.7    19.0    1.1     1.0    14.3    100.0   1530   192   0      942    818    0      12    16   20    0    
  600     7     31     16.9    21.2    4.4     0.0    19.9    100.0   1613   198   0      948    818    0      12    16   20    0    
  900     8     31     16.2    15.4    6.5     0.9    27.3    100.0   1706   196   0      951    818    0      12    16   20    0    
  1200    10    31     16.2    15.0    4.8     2.8    20.9    100.0   877    279   0      961    819    96     12    16   20    0    
  1500    11    31     19.3    19.5    4.3     2.7    23.4    100.0   1164   145   5      961    819    196    12    16   20    0    
  1800    12    31     19.5    18.8    7.0     2.7    26.0    100.0   1438   149   17     961    819    295    12    16   20    0    
  2100    13    31     17.7    17.0    8.2     2.1    27.0    100.0   1695   152   15     961    820    393    12    16   20    0    
  2400    15    31     17.5    17.5    7.5     1.9    26.4    100.0   1940   154   18     961    821    593    12    16   20    0    
  2700    16    31     23.3    24.9    7.7     0.7    34.8    99.9    2210   144   20     961    821    646    12    16   20    0    
  3000    17    31     20.1    19.5    8.7     0.1    28.1    99.8    2472   144   30     960    820    675    12    16   20    0    

EVENTS
  malnutrition_samples    92901
  path_expanded           47955
  step_slope_up           41971
  step_slope_up_ratio     37649.57263854
  step_slope_down_ratio   35554.741620856
  step_slope_down         34277
  walk_tick               32303
  walk_arrived            22272
  remembered_node_candidate19176
  malnutrition_sum        16492.341812627874
  rest                    15808
  compact_food_work_ticks_gather10823
  yield_obs_yield_forage_sum10285.143982769006
  path_denied_cooldown    8085
  water_memory_candidate  7054
  compact_food_nutrition_gather6536
  diet_nutrition_total    5948
  sleeping_open           5612
  food_accessible_at_think5003
  step_slope_flat_ratio   4978.074836599635
  step_slope_flat         4972
  place_memory_age_sum_band_04922.812623837337
  craving_protein_search  3914
  water_visible_candidate 3879
  place_memory_samples_band_03475
  relocation_food_nodes   3144
  remembered_node_target  3049
  nursing_hunger_relief   2900
  nursing_thirst_relief   2900
  craving_protein_absent  2636
  food_absent_in_search_at_think2479
  path_found              2233
  would_spoil_carried_nutrition1854.4800000000032
  relocation_food_depleted1725
  place_memory_age_sum_band_21606.0061800534456
  rest_ended_away_from_family1377
  place_memory_samples_band_21256
  place_memory_samples_band_11247
  fruit_thirst_relief     1215.6290968329872
  water_exploration_no_frontier1164
  grazer_samples          1152
  belief_seen_eat_berries 1150
  compact_food_work_ticks_fish1076
  drink_fresh             1047
  drink                   1047
  mood_belonging_sum      1003.5163879047384
  place_memory_age_sum_band_1870.8437141975148
  shared_resource_depletion_seen858
  would_spoil_band_2_nutrition855.3399999999991
  elite_larder_preferred  785
  craving_protein_reachable780
  hunter_samples          750
  action_target_knowledge_checked728
  action_target_knowledge_known728
  yield_obs_yield_fish_sum722.8565664706874
  food_blocked_by_reach_at_think714
  food_reach_fallback_at_think714
  compact_food_nutrition_fish630
  diet_nutrition_protein  630
  would_spoil_band_0_nutrition620.9399999999994
  water_exploration_offered581
  poison_ticks            523
  hungry_at_work_rest     499
  craving_protein_outside_reach498
  work_ended_hands_full   476
  action_target_knowledge_visible_forage450
  water_exploration_offered_child446
  would_spoil_band_1_nutrition417.5749999999999
  eat                     415
  worked_alongside        404
  hungry_at_work_sleep    389
  harvest_berries         379
  night_light_samples     372
  mood_samples            372
  macro_samples           372
  craving_protein_masked_by_reachable_food353
  craving_protein_override_selected353
  macro_exertion_sum      346.6110557384356
  route_arrived           332
  place_exploration_fraction_band_0328.583984375
  step_blocked            324
  ate_berries             320
  eaten_berries           320
  woke_hungry             298
  rest_ended_hungry       295
  intruder_sighted        288
  yield_obs_yield_forage_n276
  hydrating_food_candidate253
  woke_away_from_family   252
  macro_carb_sum          249.90095152952713
  eat_craving_protein     240
  grazer_samples_on_poor  203
  hungry_at_work_romp     176
  stale_memory_resource_empty175
  abandoned_remembered_wrong175
  witnessed               174
  soil_tiles_recovering   168
  belief_told             167
  drink_finished          162
  hand_capacity_blocked   144
  think_woken_early       137
  belief_seen_eat_toxic_berries137
  water_place_told        136
  water_exploration_offered_adult135
  place_exploration_fraction_band_2132.2666015625
  work_ended_node_empty   128
  action_target_knowledge_visible_drink127
  would_spoil_carried     126.15999999999967
  eat_calm_protein        126
  security_intruder_seen  124
  belief_seen_eat_fish    121
  tree_died_old           109
  belief_seen_sick        98
  romp_hungry             96
  animal_alarmed          95
  place_exploration_fraction_band_194.3681640625
  step_slide              92
  conversation            89
  would_spoil_carried_berries86.39999999999989
  romp_together           85
  harvest_sticks          85
  action_target_from_memory_forage80
  would_spoil_berries     77
  rumor_spread            76
  settled_over_work       66
  sparred                 65
  conversation_chat       62
  macro_fat_sum           61.702297758448594
  talked_thirsty          61
  macro_protein_sum       60.396750712023945
  hungry_at_work_explore  56
  pushed_on_hunger_explore56
  rest_ended_thirsty      50
  hungry_at_work_spar     49
  picked_plum             46
  stored                  45
  sought_out_chief_talk   43
  action_target_knowledge_remembered_drink42
  woke_thirsty            42
  talked_away_from_family 42
  action_target_knowledge_remembered_forage41
  belief_seen_eat_plum    41
  hungry_at_work_talk     40
  would_spoil_store_nutrition39.375
  action_target_knowledge_visible_pick38
  event_share_food        36
  gift_given              36
  harvest_fish            35
  ate_fish                35
  eaten_fish              35
  risky_meals_fish        35
  raid_for_need_nowhere   33
  food_place_told         30
  romp_away_from_family   30
  ate_toxic_berries       30
  eaten_toxic_berries     30
  ate_toxic_unwise        30
  risky_meals_toxic_berries30
  belief_seen_eat_pear    30
  nursing_sessions        29
  action_target_knowledge_visible_chop29
  materials_delivered     29
  abandoned_no_food       29
  harvest_fish_shallows   28
  remembered_empty_walk   28
  reflected               26
  food_stored_own         25
  would_spoil_fish        24
  would_spoil_carried_fish23.200000000000003
  talked_hungry           23
  cry_interrupted         22
  earth_dug               22
  earthwork_lifts         22
  tree_seeded             22
  proposed_thirsty        21
  conversation_interests  21
  yield_obs_yield_pick_n  20
  yield_obs_yield_fish_n  20
  eat_calm_protein_rich   20
  poisoned_toxic_berries  20
  ate_plum                16
  eaten_plum              16
  picked_pear             16
  meadow_poor_share_samples15
  withdrawn               15
  harvest_reeds           14
  ate_pear                14
  eaten_pear              14
  romp_alone              13
  conception_no_roof      13
  eat_craving_protein_rich13
  earth_piled             12
  water_exploration_arrived12
  site_placed             11
  harvest_flint           11
  would_spoil_carried_toxic_berries10.399999999999995
  haul_units_band_1       10
  haul_units_band_2       10
  haul_units_band_0       9
  rest_ended_rested       9
  poison_grade_mild       9
  marriage                8
  founding_households     8
  order_obeyed            7
  order_refused           7
  prey_killed_by_predator 7
  animal_predated         7
  poisoning_passed        7
  poison_grade_moderate   7
  rest_ended_baby_crying  6
  project_backer_added    6
  interrupted_spar_baby_crying6
  sought_out_chief_spar   6
  site_abandoned          6
  would_spoil_carried_plum5.360000000000001
  order_haul_refused      5
  pushed_on_thirst_ask_water5
  conversation_greet      5
  work_ended_tree_bare    5
  intruder_sighted_beyond_base5
  poison_grade_severe     5
  project_request_refused 4
  work_ended_baby_crying  4
  abandoned_nothing_to_haul4
  order_haul_obeyed       4
  haul_trip_band_2        4
  haul_trip_band_1        3
  haul_trip_band_0        3
  chief_chosen            3
  woke_baby_crying        3
  would_spoil_toxic_berries3
  prey_killed_by_wolf     3
  action_target_from_memory_gather3
  action_target_from_memory_gather_for_site3
  breakthrough_ponder     3
  would_spoil_store       2.8125
  would_spoil_store_berries2.8125
  hollow_dug              2
  relocation_scarcity_days2
  order_build_obeyed      2
  order_build_refused     2
  interrupted_give_thirsty2
  prey_killed_by_lynx     2
  prey_killed_by_bear     2
  abandoned_site_needs_materials2
  band_planned_windbreak  2
  baby_picked_up          1
  order_dig_obeyed        1
  action_target_knowledge_remembered_chop1
  work_ended_thirsty      1
  water_question_offered  1
  water_question_answered 1
  building_completed      1
  completed_storage_pit   1
  belief_seen_yield_pick  1
  belief_seen_yield_fish  1
  ate_at_source           1
  unwitnessed             1
  hungry_at_work_forage   1
  pushed_on_hunger_forage 1
  talked_baby_crying      1
  romp_thirsty            1
  conceived_cordage       1
  spark_cordage_1         1
  conversation_deep       1
  conceived_tracking      1
  spark_tracking_0        1
  sought_out_chief_propose1
  poisoned_fish           1
  sought_out_chief_discuss1
  discuss_nothing         1
  talked_nothing_came_of_it1
  would_spoil_carried_pear0.7999999999999999
  meadow_poor_share_sum   0.7083608506141855
  hunter_samples_expected_in_firelight0
  night_light_sum         0
  yield_obs_yield_pick_sum0
  would_spoil_plum        0
  spoilage_prevented      0
  would_spoil_pear        0
  mood_comfort_sum        -47.56538188141128
  mood_security_sum       -281.16709928532686
  mood_purpose_sum        -3935.8070628064447

ACTIONS (summed over samples)
  rest                    15808
  forage                  14547
  go_home                 10172
  romp                    7465
  gather                  5726
  sleep                   5612
  talk                    5089
  drink                   5023
  spar                    4539
  idle                    4461
  chop                    3086
  store                   2352
  pick                    1988
  dig                     1479
  give                    1100
  explore                 1013
  build                   615
  propose                 612
  ponder                  531
  reflect                 524
  haul                    363
  nurse                   310
  eat                     240
  wander                  122
  discuss                 113
  take                    99
  ask_water               11

KNOWLEDGE
  era: Lower Palaeolithic  ·  0 things known to somebody  ·  0 can make fire

BANDS
  3 chiefs  ·  0 outcast  ·  0 exiled  ·  7 orders obeyed, 7 refused

BUILDINGS
  1 of 5 finished  ·  30 items in store

RELATIONSHIPS
  300 edges across 31 people  ·  289 warm  ·  8 hostile
  Arur band             theft tolerance 0.79   murder 0.98
  Ungun band            theft tolerance 0.77   murder 0.71
  Othra band            theft tolerance 0.73   murder 1.08

TERRAIN
  water=5393  beach=1347  grass=4345  forest=3226  hills=2064  rock=9

TRAVEL
  2233 routes found  ·  21.5 mean / 1385 worst expansions  ·  744.3 searches per 1,000 ticks
  route_arrived=332  walk_blocked=0  abandoned_cannot_reach=0
  everything that walks: step_blocked=324  ·  axis_null=0  ·  slides=92
  people only: 0 stuck of 32303 walk ticks (0.0 per 1,000)  ·  denied: cooldown=8085 budget=0
  recoveries=0 (0 found a route)

CHECKS
  PASS  regions-stay-true       5 landmasses and 7 swim-connected regions; 0 incorrectly labelled tiles and 0 incorrect region sizes
  PASS  water-follows-the-trench11 dug tiles, 0 of them flooded; 0 dug tiles below the water level still dry beside water
  n/a   earthworks-are-dug      no earthwork was marked out in this scenario
  n/a   orchards-are-planted    nobody alive knows arboriculture in this scenario
  PASS  hands-limit-loads       0 post-transfer states remained above the hands and fitted-container limit; 144 collection attempts hit a hand limit
  n/a   containers-carry-more   run the porters scenario to compare fitted containers with bare hands
  PASS  people-act-on-what-they-know728/728 forage, pick, drink, hunt and chop targets visible or remembered
  n/a   word-of-food-travels    measured in food-news, where the rumour supplies the only food
  PASS  stale-memories-cost     175 trips reached a remembered resource that was exhausted
  PASS  the-map-grows           7.2% → 11.4% mean explored (must grow and remain below 99%)
  n/a   kin-are-defended        0 attacks on children with adult witnesses (need 10)
  n/a   the-young-run-to-their-own0 attacked children fled (need 10)
  n/a   conception-needs-a-roof 0 conceptions (need 5)
  n/a   the-pregnant-are-spared 0 tasks begun by women in their last third (need 10)
  FAIL  cravings-steer-the-diet 5.4% rich-protein meals while craving vs 15.9% while calm (need 1.3x)
  PASS  nights-are-slept        65.0% of 722 adult samples in full night sleeping or resting (need 55%)
  PASS  nights-are-spent-at-home81.9% of 722 adult night samples within 15 tiles of an anchor (need 70%)
  PASS  moods-move-choices      3.6% talk in low-belonging tercile vs 3.1% in high (950 samples each; low must be higher)
  PASS  children-keep-close     81.6% of 1489 child samples within radius + 3 of either living parent (need 75%; designated carer=75.3%; top actions: romp=367, go_home=305, rest=157, sleep=147, forage=123)
  PASS  no-nan                  worst sample had 0 non-finite fields
  PASS  people-in-bounds        worst sample had 0 people outside a 128x128 world
  PASS  people-on-land          worst sample had 0 people on deep water without empty hands or on rock (land and valid swimmers are allowed)
  PASS  people-survive          31/31 alive at step 3000 (need 21 over 12 days)
  PASS  deaths-explained        nobody died
  PASS  nobody-stalls-under-orders0 people stalled under order for a full day; 0 gave up walking, 0 of those under order
  PASS  walkers-do-not-grind    0 of 32,303 walking ticks made no real progress (0.0 per 1,000; wanted under 5)
  PASS  paths-are-found         200 pairs sampled on the largest region, every one found — mean 683.5 / worst 3152 expansions; 0 gave up mid-play
  PASS  nobody-walled-in        31 checked; 0 cut off from water, 0 cut off from food in their own region
  PASS  people-drink            drink=1047
  PASS  drinking-is-paced       162 drinks finished over 372 person-days (0.44 each per day; wanted some, and fewer than 4)
  PASS  food-work-continues     1 ticks of food-gathering continued through hunger that would otherwise have stopped it (0 hunting)
  PASS  people-harvest          berries=379 meat=0 wood=0 flint=11
  PASS  people-eat              eat=415
  PASS  ai-uses-many-actions    27 distinct actions observed: rest=15808 forage=14547 go_home=10172 romp=7465 gather=5726 sleep=5612 talk=5089 drink=5023 spar=4539 idle=4461 chop=3086 store=2352 pick=1988 dig=1479 give=1100 explore=1013 build=615 propose=612 ponder=531 reflect=524 haul=363 nurse=310 eat=240 wander=122 discuss=113 take=99 ask_water=11
  PASS  needs-not-pinned        final avgHunger=20.1 avgThirst=19.5 avgCold=0.1 avgCompany=28.1
  PASS  health-holds-up         final avgHealth=99.8 (floor is 60)
  PASS  events-witnessed        deeds=36 witnessed=174 unwitnessed=1
  PASS  people-talk             conversations=89
  n/a   gossip-is-aimed         run covers only 12 days; too short for a story worth telling
  PASS  rumor-propagates        stories passed on=76
  n/a   opinions-diverge        measured after a witnessed assault in conflicts. 300 relationships across 31 people: 289 warm, 8 hostile
  PASS  materials-delivered     delivered=29 sites=5 finished=1
  PASS  building-starts-small   5 projects measured; 0 exceeded sponsor + backers + ordered workers
  PASS  projects-find-backers   1/1 completed AI-planned projects had a backer (need 70%)
  n/a   shelter-answers-cold    never got cold (peak avgCold 2.8)
  PASS  work-runs-in-stretches  baby_crying=4 node_empty=128 hands_full=476 thirsty=1 tree_bare=5
  PASS  foraging-bites          most bushes stripped at once: 279; wild food went from 1449 to 2472
  n/a   generations-turn-over   run covers only 12 days; too short to say
  PASS  forest-is-used          0 trees felled, 0 timber cut, 62 fruit picked
  PASS  fruit-comes-and-goes-with-the-seasonworst sample had 0 fruit hanging out of season; most windfall seen at once was 0 across 2 seasons
  PASS  forest-persists         stand went from 1047 to 960 (820 grown, 49 seedlings); 22 seeded, 109 died of age
  PASS  bands-have-chiefs       3 chiefs for 31 people; 3 changes of leadership
  n/a   bands-decide-to-build   run too short for a band to plan anything
  n/a   camps-move-when-the-land-failsmeasured in the lean survival scenario
  n/a   jobs-bias-work          too few ticks with a job assigned to compare (0 held, 0 not)
  n/a   rebellion-is-rare-but-happensrun covers only 12 days; too short for rebellion to be expected or ruled out
  n/a   raids-are-organised     no chief in this world ever stood badly enough with a neighbour to weigh one
  n/a   knowledge-is-found      run covers under a year; too short to work anything out
  n/a   knowledge-is-passed-on  run too short to teach anything
  n/a   ideas-are-conceived     run too short for anybody to have an idea
  n/a   sparks-are-various      run too short for more than one route to fire
  n/a   ideas-become-tech       run too short to carry an idea to a proven design
  n/a   the-tree-is-climbed     run too short to get past the root technologies
  n/a   research-is-social      run too short for anybody to argue anything out
  n/a   techs-are-refined       run too short to improve a design
  n/a   records-are-cut         nobody in this world can write
  n/a   crafting-is-interruptibletoo few crafting attempts to tell (0 made, 0 interrupted)
  n/a   food-spoils             spoilage is switched off in this scenario
  n/a   stores-keep-food-better-than-packsspoilage is switched off in this scenario
  n/a   pictures-are-painted    nobody here knows how to burn earth red
  n/a   music-answers-lonelinessnobody here can make a flute
  n/a   beer-answers-loneliness nobody here knows how to brew
  n/a   the-temple-gathers      no band had a chief with redistribution and a granary
  n/a   the-ledger-remembers    no temple kept by a chief who keeps accounts
  n/a   taxes-reach-the-temple  no temple kept by a chief who knows how to tax
  n/a   the-law-is-the-same-for-allno chief who judges by the law heard a case of their own people
  n/a   soldiers-are-kept       no temple kept by a chief who knows a standing army
  n/a   kings-reign-for-life    nobody here knows kingship
  n/a   civilisation-is-derived no band holds the six things a civilisation is
  n/a   governments-declare-war-and-peaceno government declared anything in this run
  n/a   the-beaten-pay-tribute  no people submitted to another in this run
  n/a   serfs-are-owned         no governed people took an adult captive in this run
  n/a   feasts-gather-the-band  nobody here knows how to brew
  n/a   the-hurt-are-tended     nobody here knows a herb from a weed
  n/a   wounds-fester-untended  0 untended and 0 dressed wound-days; too few to compare (need 60 of each)
  n/a   raw-meat-sickens        35 raw meals eaten; too few for a ~10% risk to show (need 40)
  PASS  the-wise-avoid-baneberries30 baneberry meals by people without plant lore (20 fell ill), 0 by people who had it
  n/a   animals-are-tamed       nobody here would think of feeding one
  n/a   heads-direct-work       nobody here has the idea of a band with a shape
  n/a   kills-are-butchered-for-bonenobody alive knows what to do with a carcass
  n/a   crafts-happen-at-stations10 station designs exist and no band finished one in this run
  n/a   the-hearth-warms        nobody was cold within range of a finished hearth
  n/a   roast-wins              nobody alive knows cooking
  n/a   cooking-spreads         scenario did not found anyone knowing cooking
  n/a   pots-reach-a-granary    nobody alive knows how to fire clay
  PASS  discovery-is-situated   every one of 2 ideas came by a named route; 0 of them into the technologies cold suggests
  PASS  population-bounded      peak population 31
  PASS  spatial-hash-spreads    largest bucket holds 7 of 31 items across 14 cells
  PASS  animals-move            mean drift 13.6 tiles/day (floor is 2)
  PASS  animals-flee            94 bolts opened the distance, 25 did not
  n/a   hunts-succeed-and-fail  too few strikes to tell (0 kills, 0 misses)
  n/a   people-eat-meat         no meat entered the world in this run
  PASS  fish-are-caught         35 fish taken; 415 meals eaten
  n/a   nobody-drowns-in-the-shallowsonly measured in the shallows scenario
  n/a   fish-caught-in-water    only measured in the shallows scenario
  n/a   swimmers-cross          only measured in the shallows scenario
  n/a   bands-set-traps         nobody in this world knows how to set a trap
  n/a   fields-are-sown-and-reapednobody in this world knows how to farm
  n/a   soil-is-drawn-down      no harvest was taken off any ground in this run
  n/a   compost-answers-exhaustionnobody in this world knows how to compost
  n/a   traps-catch             no trap was finished in this run
  n/a   herds-breed-and-are-cullednobody in this world knows how to keep a pen
  n/a   wells-are-drawn-from    nobody in this world knows how to sink a well
  n/a   milk-is-drawn-and-drunk no milk was ever bred in this run
  n/a   wool-is-sheared-and-wovenno wool was ever bred in this run
  n/a   iron-ore-becomes-bloom  no supplied iron-smelting charge in this run
  n/a   iron-ore-is-mined       no supplied iron mining opportunity in this run
  n/a   iron-bloom-becomes-wrought-ironno supplied bloom-forging charge in this run
  n/a   iron-is-carburised      no supplied carburising charge in this run
  n/a   iron-tools-cut-the-day  no supplied iron-tool charges in this run
  n/a   oxen-turn-the-field     no supplied iron-plough recipe or sow order in this run
  n/a   ore-becomes-metal       no copper ore was mined in this run
  n/a   metal-is-cast           no copper was smelted in this run
  PASS  bands-dont-overbuild    band1=1; 0 over the ceiling, 0 holding empty stores
  PASS  families-exist          8 households of more than one; 30 people with family
  n/a   sleep-restores          nobody had a roof to sleep under in this run
  PASS  kin-outrank-strangers   household=62.0 band=12.7 outsider=-5.8 outsider-unrelated=-5.8 · band-pairs=2 friendliest=0.0 hostile=-18.6
  n/a   bands-take-sides        run covers only 12 days; too short for standing to have spread (2 pairs, spread so far 18.6)
  n/a   violence-concentrates   only 0 blows between peoples here; too few to say where they land
  n/a   peoples-drift-apart     0 incidents between peoples; too few to split the run around
  n/a   peace-within-bands      only 0 blows here; too few to say where they land
  n/a   children-are-not-struck only 0 blows here; too few to say
  n/a   the-struck-respond      only 0 second blows here; too few to say
  n/a   wrongs-reach-the-chief  only 0 debts run up; too few to say
  n/a   upbringing-follows-culturefewer than two peoples saw 15 wrongs by their children abroad, with regard for strangers 0.15 apart
  n/a   the-watched-intervene   only 0 property deeds were seen by their owners; too few to say
  n/a   captives-are-taken      only 0 blows between peoples; no quarrel long enough
  n/a   bodies-are-found        only 0 deaths here; too few to say
  n/a   murders-are-solved      only 0 killings here; too few to say
  PASS  world-has-land          grass=4345 forest=3226 water=5393
  FAIL  perf-budget             527 steps/s with 31 people at the peak (floor 1,678)
  PASS  herds-follow-the-grass  1,152 grazer samples, 18% of them on poor grass, against 5% of the meadow and the wood being poor
  PASS  predators-hunt          7 grazers pulled down (3 by wolves, 2 by bears, 2 by lynxes); 0 people bitten
  n/a   fire-keeps-wolves-off   750 hunter samples with 0.0 expected inside a circle of firelight; too few to say
  n/a   a-hunted-out-land-stays-emptythis land was not hunted out
  PASS  slopes-slow             41,971 uphill steps cover 89.7% of the distance asked, 34,277 downhill 103.7%, 4,972 flat 100%
  PASS  hills-see-farther       5 of 288 sightings were from further off than the bare radius of 12 tiles

==============================================================================
2/147 CHECKS FAILED: cravings-steer-the-diet, perf-budget

